MO adder NULL main.v vlg54/adder.bin 1559624714
MO flopr NULL main.v vlg3B/flopr.bin 1559624714
MO fulladder_st NULL main.v vlg61/fulladder__st.bin 1559624714
MO buttonPressed NULL main.v vlg3E/button_pressed.bin 1559624714
MO timer_st NULL main.v vlg5F/timer__st.bin 1559624714
MO dispmux_main_bh NULL main.v vlg1F/dispmux__main__bh.bin 1559619868
MO buttonPressed_two NULL main.v vlg57/button_pressed__two.bin 1559624714
MO main NULL main.v vlg2D/main.bin 1558563208
MO addergen_st NULL main.v vlg0C/addergen__st.bin 1559624714
MO bcdto7led_bh NULL main.v vlg1D/bcdto7led__bh.bin 1559619868
MO disp_mux_bh NULL main.v vlg32/disp__mux__bh.bin 1559619868
MO comparatorgen_st NULL main.v vlg64/comparatorgen__st.bin 1559624714
MO street_lights NULL main.v vlg21/street__lights.bin 1559624714
